# project ns (3.19) configured on Sat May 30 17:02:35 2026 by
# waf 1.7.11 (abi 98, python 20712f0 on linux2)
# using ./waf configure --out build-asan --build-profile=debug --disable-tests
#
----------------------------------------
Setting top to
/root/hpcc_rdma
----------------------------------------
Setting out to
/root/hpcc_rdma/build-asan
----------------------------------------
Checking for 'gcc' (c compiler)
find program=['gcc', 'cc'] paths=['/usr/local/sbin', '/usr/local/bin', '/usr/sbin', '/usr/bin', '/sbin', '/bin'] var='CC' -> '/usr/bin/gcc'
find program=['ar'] paths=['/usr/local/sbin', '/usr/local/bin', '/usr/sbin', '/usr/bin', '/sbin', '/bin'] var='AR' -> '/usr/bin/ar'
/usr/bin/gcc
----------------------------------------
Checking for 'g++' (c++ compiler)
find program=['g++', 'c++'] paths=['/usr/local/sbin', '/usr/local/bin', '/usr/sbin', '/usr/bin', '/sbin', '/bin'] var='CXX' -> '/usr/bin/g++'
(tool ar is already loaded, skipping)
/usr/bin/g++
---------------------------------------------------------
Checking for compilation flag -Wl,--soname=foo... support
==>
#include <stdio.h>
int main() { return 0; }

<==
[1/2] cxx: build-asan/.conf_check_fe0ca542f39064c5a14ee41a2e983996/test.cc -> build-asan/.conf_check_fe0ca542f39064c5a14ee41a2e983996/testbuild/test.cc.1.o

['/usr/bin/g++', '-g', '-O1', '-fsanitize=address', '-fno-omit-frame-pointer', '-Wl,--soname=foo', '-DNS3_ASSERT_ENABLE', '-DNS3_LOG_ENABLE', '../test.cc', '-c', '-o', 'test.cc.1.o']
[2/2] cxxprogram: build-asan/.conf_check_fe0ca542f39064c5a14ee41a2e983996/testbuild/test.cc.1.o -> build-asan/.conf_check_fe0ca542f39064c5a14ee41a2e983996/testbuild/testprog

['/usr/bin/g++', '-fsanitize=address', '-fsanitize=address', 'test.cc.1.o', '-o', '/root/hpcc_rdma/build-asan/.conf_check_fe0ca542f39064c5a14ee41a2e983996/testbuild/testprog', '-Wl,-Bstatic', '-Wl,-Bdynamic']
ok
---------------------------------------------------------
Checking for program python
/usr/bin/python
find program=['python'] paths=['/usr/local/sbin', '/usr/local/bin', '/usr/sbin', '/usr/bin', '/sbin', '/bin'] var='PYTHON' -> '/usr/bin/python'
['/usr/bin/python', '-c', 'import sys\nfor x in sys.version_info: print(str(x))']
out: 2
7
18
final
0

['/usr/bin/python', '-c', "from distutils.sysconfig import get_config_var, get_python_lib\n\nprint(repr(get_python_lib(standard_lib=0, prefix='/usr/local') or ''))"]
out: '/usr/local/lib/python2.7/dist-packages'

'/usr/local/lib/python2.7/dist-packages'

['/usr/bin/python', '-c', "from distutils.sysconfig import get_config_var, get_python_lib\n\nprint(repr(get_python_lib(plat_specific=1, standard_lib=0, prefix='/usr/local') or ''))"]
out: '/usr/local/lib/python2.7/dist-packages'

'/usr/local/lib/python2.7/dist-packages'

---------------------------------------------------------
Checking for python version
(2, 7, 18, 'final', 0)
['/usr/bin/python', '-c', "from distutils.sysconfig import get_config_var, get_python_lib\n\nprint(repr(get_config_var('prefix') or ''))\nprint(repr(get_config_var('SO') or ''))\nprint(repr(get_config_var('LDFLAGS') or ''))\nprint(repr(get_config_var('LIBDIR') or ''))\nprint(repr(get_config_var('LIBPL') or ''))\nprint(repr(get_config_var('INCLUDEPY') or ''))\nprint(repr(get_config_var('Py_ENABLE_SHARED') or ''))\nprint(repr(get_config_var('MACOSX_DEPLOYMENT_TARGET') or ''))\nprint(repr(get_config_var('LDSHARED') or ''))\nprint(repr(get_config_var('CFLAGS') or ''))"]
out: '/usr'
'.so'
'-Wl,-Bsymbolic-functions -Wl,-z,relro'
'/usr/lib'
'/usr/lib/python2.7/config-x86_64-linux-gnu'
'/usr/include/python2.7'
1
''
'x86_64-linux-gnu-gcc -pthread -shared -Wl,-O1 -Wl,-Bsymbolic-functions -Wl,-Bsymbolic-functions -Wl,-z,relro -fno-strict-aliasing -DNDEBUG -g -fwrapv -O2 -Wall -Wstrict-prototypes -Wdate-time -D_FORTIFY_SOURCE=2 -g -fdebug-prefix-map=/build/python2.7-QOVJtE/python2.7-2.7.18=. -fstack-protector-strong -Wformat -Werror=format-security  '
'-fno-strict-aliasing -DNDEBUG -g -fwrapv -O2 -Wall -Wstrict-prototypes -Wdate-time -D_FORTIFY_SOURCE=2 -g -fdebug-prefix-map=/build/python2.7-QOVJtE/python2.7-2.7.18=. -fstack-protector-strong -Wformat -Werror=format-security  '

'/usr'
'.so'
'-Wl,-Bsymbolic-functions -Wl,-z,relro'
'/usr/lib'
'/usr/lib/python2.7/config-x86_64-linux-gnu'
'/usr/include/python2.7'
1
''
'x86_64-linux-gnu-gcc -pthread -shared -Wl,-O1 -Wl,-Bsymbolic-functions -Wl,-Bsymbolic-functions -Wl,-z,relro -fno-strict-aliasing -DNDEBUG -g -fwrapv -O2 -Wall -Wstrict-prototypes -Wdate-time -D_FORTIFY_SOURCE=2 -g -fdebug-prefix-map=/build/python2.7-QOVJtE/python2.7-2.7.18=. -fstack-protector-strong -Wformat -Werror=format-security  '
'-fno-strict-aliasing -DNDEBUG -g -fwrapv -O2 -Wall -Wstrict-prototypes -Wdate-time -D_FORTIFY_SOURCE=2 -g -fdebug-prefix-map=/build/python2.7-QOVJtE/python2.7-2.7.18=. -fstack-protector-strong -Wformat -Werror=format-security  '

Configuration returned from ['/usr/bin/python']:
"prefix = '/usr'\nSO = '.so'\nLDFLAGS = '-Wl,-Bsymbolic-functions -Wl,-z,relro'\nLIBDIR = '/usr/lib'\nLIBPL = '/usr/lib/python2.7/config-x86_64-linux-gnu'\nINCLUDEPY = '/usr/include/python2.7'\nPy_ENABLE_SHARED = 1\nMACOSX_DEPLOYMENT_TARGET = ''\nLDSHARED = 'x86_64-linux-gnu-gcc -pthread -shared -Wl,-O1 -Wl,-Bsymbolic-functions -Wl,-Bsymbolic-functions -Wl,-z,relro -fno-strict-aliasing -DNDEBUG -g -fwrapv -O2 -Wall -Wstrict-prototypes -Wdate-time -D_FORTIFY_SOURCE=2 -g -fdebug-prefix-map=/build/python2.7-QOVJtE/python2.7-2.7.18=. -fstack-protector-strong -Wformat -Werror=format-security  '\nCFLAGS = '-fno-strict-aliasing -DNDEBUG -g -fwrapv -O2 -Wall -Wstrict-prototypes -Wdate-time -D_FORTIFY_SOURCE=2 -g -fdebug-prefix-map=/build/python2.7-QOVJtE/python2.7-2.7.18=. -fstack-protector-strong -Wformat -Werror=format-security  '"



# try again with -L$python_LIBDIR: ['/usr/lib']

---------------------------------------------------------
Checking for library python2.7 in LIBDIR
==>

int main(int argc, char **argv) {
	(void)argc; (void)argv;
	return 0;
}

<==
[1/2] cxx: build-asan/.conf_check_3b2479b91ea1f8aedc2bbc867fa4858e/test.cpp -> build-asan/.conf_check_3b2479b91ea1f8aedc2bbc867fa4858e/testbuild/test.cpp.1.o

['/usr/bin/g++', '-g', '-O1', '-fsanitize=address', '-fno-omit-frame-pointer', '-fno-strict-aliasing', '-fwrapv', '-fdebug-prefix-map=/build/python2.7-QOVJtE/python2.7-2.7.18=.', '-fstack-protector-strong', '-DNS3_ASSERT_ENABLE', '-DNS3_LOG_ENABLE', '-DPYTHONDIR="/usr/local/lib/python2.7/dist-packages"', '-DPYTHONARCHDIR="/usr/local/lib/python2.7/dist-packages"', '-DNDEBUG', '-D_FORTIFY_SOURCE=2', '../test.cpp', '-c', '-o', 'test.cpp.1.o']
[2/2] cxxprogram: build-asan/.conf_check_3b2479b91ea1f8aedc2bbc867fa4858e/testbuild/test.cpp.1.o -> build-asan/.conf_check_3b2479b91ea1f8aedc2bbc867fa4858e/testbuild/testprog

['/usr/bin/g++', '-fsanitize=address', '-fsanitize=address', '-Wl,-Bsymbolic-functions', '-Wl,-z,relro', 'test.cpp.1.o', '-o', '/root/hpcc_rdma/build-asan/.conf_check_3b2479b91ea1f8aedc2bbc867fa4858e/testbuild/testprog', '-Wl,-Bstatic', '-Wl,-Bdynamic', '-L/usr/lib', '-lpython2.7']
err: /usr/bin/ld: cannot find -lpython2.7
collect2: error: ld returned 1 exit status

from /root/hpcc_rdma/bindings/python: Test does not build: Traceback (most recent call last):
  File "/root/hpcc_rdma/.waf-1.7.11-edc6ccb516c5e3f9b892efc9f53a610f/waflib/Tools/c_config.py", line 459, in run_c_code
    bld.compile()
  File "/root/hpcc_rdma/.waf-1.7.11-edc6ccb516c5e3f9b892efc9f53a610f/waflib/Build.py", line 188, in compile
    raise Errors.BuildError(self.producer.error)
BuildError: Build failed
 -> task in 'testprog' failed (exit status 1): 
	{task 140508283395856: cxxprogram test.cpp.1.o -> testprog}
['/usr/bin/g++', '-fsanitize=address', '-fsanitize=address', '-Wl,-Bsymbolic-functions', '-Wl,-z,relro', 'test.cpp.1.o', '-o', '/root/hpcc_rdma/build-asan/.conf_check_3b2479b91ea1f8aedc2bbc867fa4858e/testbuild/testprog', '-Wl,-Bstatic', '-Wl,-Bdynamic', '-L/usr/lib', '-lpython2.7']

not found
from /root/hpcc_rdma/bindings/python: The configuration failed


# try again with -L$python_LIBPL (some systems don't install the python library in $prefix/lib)

---------------------------------------------------------
Checking for library python2.7 in python_LIBPL
==>

int main(int argc, char **argv) {
	(void)argc; (void)argv;
	return 0;
}

<==
[1/2] cxx: build-asan/.conf_check_d17a70babee59afe3e1c1c75ef40e077/test.cpp -> build-asan/.conf_check_d17a70babee59afe3e1c1c75ef40e077/testbuild/test.cpp.1.o

['/usr/bin/g++', '-g', '-O1', '-fsanitize=address', '-fno-omit-frame-pointer', '-fno-strict-aliasing', '-fwrapv', '-fdebug-prefix-map=/build/python2.7-QOVJtE/python2.7-2.7.18=.', '-fstack-protector-strong', '-DNS3_ASSERT_ENABLE', '-DNS3_LOG_ENABLE', '-DPYTHONDIR="/usr/local/lib/python2.7/dist-packages"', '-DPYTHONARCHDIR="/usr/local/lib/python2.7/dist-packages"', '-DNDEBUG', '-D_FORTIFY_SOURCE=2', '../test.cpp', '-c', '-o', 'test.cpp.1.o']
[2/2] cxxprogram: build-asan/.conf_check_d17a70babee59afe3e1c1c75ef40e077/testbuild/test.cpp.1.o -> build-asan/.conf_check_d17a70babee59afe3e1c1c75ef40e077/testbuild/testprog

['/usr/bin/g++', '-fsanitize=address', '-fsanitize=address', '-Wl,-Bsymbolic-functions', '-Wl,-z,relro', 'test.cpp.1.o', '-o', '/root/hpcc_rdma/build-asan/.conf_check_d17a70babee59afe3e1c1c75ef40e077/testbuild/testprog', '-Wl,-Bstatic', '-Wl,-Bdynamic', '-L/usr/lib/python2.7/config-x86_64-linux-gnu', '-lpython2.7']
err: /usr/bin/ld: cannot find -lpython2.7
collect2: error: ld returned 1 exit status

from /root/hpcc_rdma/bindings/python: Test does not build: Traceback (most recent call last):
  File "/root/hpcc_rdma/.waf-1.7.11-edc6ccb516c5e3f9b892efc9f53a610f/waflib/Tools/c_config.py", line 459, in run_c_code
    bld.compile()
  File "/root/hpcc_rdma/.waf-1.7.11-edc6ccb516c5e3f9b892efc9f53a610f/waflib/Build.py", line 188, in compile
    raise Errors.BuildError(self.producer.error)
BuildError: Build failed
 -> task in 'testprog' failed (exit status 1): 
	{task 140508283545488: cxxprogram test.cpp.1.o -> testprog}
['/usr/bin/g++', '-fsanitize=address', '-fsanitize=address', '-Wl,-Bsymbolic-functions', '-Wl,-z,relro', 'test.cpp.1.o', '-o', '/root/hpcc_rdma/build-asan/.conf_check_d17a70babee59afe3e1c1c75ef40e077/testbuild/testprog', '-Wl,-Bstatic', '-Wl,-Bdynamic', '-L/usr/lib/python2.7/config-x86_64-linux-gnu', '-lpython2.7']

not found
from /root/hpcc_rdma/bindings/python: The configuration failed


# try again with -L$prefix/libs, and pythonXY name rather than pythonX.Y (win32)

---------------------------------------------------------
Checking for library python2.7 in $prefix/libs
==>

int main(int argc, char **argv) {
	(void)argc; (void)argv;
	return 0;
}

<==
[1/2] cxx: build-asan/.conf_check_de4494721897d66ec0b1f0c4e9216223/test.cpp -> build-asan/.conf_check_de4494721897d66ec0b1f0c4e9216223/testbuild/test.cpp.1.o

['/usr/bin/g++', '-g', '-O1', '-fsanitize=address', '-fno-omit-frame-pointer', '-fno-strict-aliasing', '-fwrapv', '-fdebug-prefix-map=/build/python2.7-QOVJtE/python2.7-2.7.18=.', '-fstack-protector-strong', '-DNS3_ASSERT_ENABLE', '-DNS3_LOG_ENABLE', '-DPYTHONDIR="/usr/local/lib/python2.7/dist-packages"', '-DPYTHONARCHDIR="/usr/local/lib/python2.7/dist-packages"', '-DNDEBUG', '-D_FORTIFY_SOURCE=2', '../test.cpp', '-c', '-o', 'test.cpp.1.o']
[2/2] cxxprogram: build-asan/.conf_check_de4494721897d66ec0b1f0c4e9216223/testbuild/test.cpp.1.o -> build-asan/.conf_check_de4494721897d66ec0b1f0c4e9216223/testbuild/testprog

['/usr/bin/g++', '-fsanitize=address', '-fsanitize=address', '-Wl,-Bsymbolic-functions', '-Wl,-z,relro', 'test.cpp.1.o', '-o', '/root/hpcc_rdma/build-asan/.conf_check_de4494721897d66ec0b1f0c4e9216223/testbuild/testprog', '-Wl,-Bstatic', '-Wl,-Bdynamic', '-L/usr/libs', '-lpython2.7']
err: /usr/bin/ld: cannot find -lpython2.7
collect2: error: ld returned 1 exit status

from /root/hpcc_rdma/bindings/python: Test does not build: Traceback (most recent call last):
  File "/root/hpcc_rdma/.waf-1.7.11-edc6ccb516c5e3f9b892efc9f53a610f/waflib/Tools/c_config.py", line 459, in run_c_code
    bld.compile()
  File "/root/hpcc_rdma/.waf-1.7.11-edc6ccb516c5e3f9b892efc9f53a610f/waflib/Build.py", line 188, in compile
    raise Errors.BuildError(self.producer.error)
BuildError: Build failed
 -> task in 'testprog' failed (exit status 1): 
	{task 140508283547024: cxxprogram test.cpp.1.o -> testprog}
['/usr/bin/g++', '-fsanitize=address', '-fsanitize=address', '-Wl,-Bsymbolic-functions', '-Wl,-z,relro', 'test.cpp.1.o', '-o', '/root/hpcc_rdma/build-asan/.conf_check_de4494721897d66ec0b1f0c4e9216223/testbuild/testprog', '-Wl,-Bstatic', '-Wl,-Bdynamic', '-L/usr/libs', '-lpython2.7']

not found
from /root/hpcc_rdma/bindings/python: The configuration failed


# try again with -L$python_LIBDIR: ['/usr/lib']

---------------------------------------------------------
Checking for library python2.7m in LIBDIR
==>

int main(int argc, char **argv) {
	(void)argc; (void)argv;
	return 0;
}

<==
[1/2] cxx: build-asan/.conf_check_485297a0f5930f4f3dbf85136ce5b31d/test.cpp -> build-asan/.conf_check_485297a0f5930f4f3dbf85136ce5b31d/testbuild/test.cpp.1.o

['/usr/bin/g++', '-g', '-O1', '-fsanitize=address', '-fno-omit-frame-pointer', '-fno-strict-aliasing', '-fwrapv', '-fdebug-prefix-map=/build/python2.7-QOVJtE/python2.7-2.7.18=.', '-fstack-protector-strong', '-DNS3_ASSERT_ENABLE', '-DNS3_LOG_ENABLE', '-DPYTHONDIR="/usr/local/lib/python2.7/dist-packages"', '-DPYTHONARCHDIR="/usr/local/lib/python2.7/dist-packages"', '-DNDEBUG', '-D_FORTIFY_SOURCE=2', '../test.cpp', '-c', '-o', 'test.cpp.1.o']
[2/2] cxxprogram: build-asan/.conf_check_485297a0f5930f4f3dbf85136ce5b31d/testbuild/test.cpp.1.o -> build-asan/.conf_check_485297a0f5930f4f3dbf85136ce5b31d/testbuild/testprog

['/usr/bin/g++', '-fsanitize=address', '-fsanitize=address', '-Wl,-Bsymbolic-functions', '-Wl,-z,relro', 'test.cpp.1.o', '-o', '/root/hpcc_rdma/build-asan/.conf_check_485297a0f5930f4f3dbf85136ce5b31d/testbuild/testprog', '-Wl,-Bstatic', '-Wl,-Bdynamic', '-L/usr/lib', '-lpython2.7m']
err: /usr/bin/ld: cannot find -lpython2.7m
collect2: error: ld returned 1 exit status

from /root/hpcc_rdma/bindings/python: Test does not build: Traceback (most recent call last):
  File "/root/hpcc_rdma/.waf-1.7.11-edc6ccb516c5e3f9b892efc9f53a610f/waflib/Tools/c_config.py", line 459, in run_c_code
    bld.compile()
  File "/root/hpcc_rdma/.waf-1.7.11-edc6ccb516c5e3f9b892efc9f53a610f/waflib/Build.py", line 188, in compile
    raise Errors.BuildError(self.producer.error)
BuildError: Build failed
 -> task in 'testprog' failed (exit status 1): 
	{task 140508283602320: cxxprogram test.cpp.1.o -> testprog}
['/usr/bin/g++', '-fsanitize=address', '-fsanitize=address', '-Wl,-Bsymbolic-functions', '-Wl,-z,relro', 'test.cpp.1.o', '-o', '/root/hpcc_rdma/build-asan/.conf_check_485297a0f5930f4f3dbf85136ce5b31d/testbuild/testprog', '-Wl,-Bstatic', '-Wl,-Bdynamic', '-L/usr/lib', '-lpython2.7m']

not found
from /root/hpcc_rdma/bindings/python: The configuration failed


# try again with -L$python_LIBPL (some systems don't install the python library in $prefix/lib)

---------------------------------------------------------
Checking for library python2.7m in python_LIBPL
==>

int main(int argc, char **argv) {
	(void)argc; (void)argv;
	return 0;
}

<==
[1/2] cxx: build-asan/.conf_check_47edc30cf74b5b20788533ecb328dd94/test.cpp -> build-asan/.conf_check_47edc30cf74b5b20788533ecb328dd94/testbuild/test.cpp.1.o

['/usr/bin/g++', '-g', '-O1', '-fsanitize=address', '-fno-omit-frame-pointer', '-fno-strict-aliasing', '-fwrapv', '-fdebug-prefix-map=/build/python2.7-QOVJtE/python2.7-2.7.18=.', '-fstack-protector-strong', '-DNS3_ASSERT_ENABLE', '-DNS3_LOG_ENABLE', '-DPYTHONDIR="/usr/local/lib/python2.7/dist-packages"', '-DPYTHONARCHDIR="/usr/local/lib/python2.7/dist-packages"', '-DNDEBUG', '-D_FORTIFY_SOURCE=2', '../test.cpp', '-c', '-o', 'test.cpp.1.o']
[2/2] cxxprogram: build-asan/.conf_check_47edc30cf74b5b20788533ecb328dd94/testbuild/test.cpp.1.o -> build-asan/.conf_check_47edc30cf74b5b20788533ecb328dd94/testbuild/testprog

['/usr/bin/g++', '-fsanitize=address', '-fsanitize=address', '-Wl,-Bsymbolic-functions', '-Wl,-z,relro', 'test.cpp.1.o', '-o', '/root/hpcc_rdma/build-asan/.conf_check_47edc30cf74b5b20788533ecb328dd94/testbuild/testprog', '-Wl,-Bstatic', '-Wl,-Bdynamic', '-L/usr/lib/python2.7/config-x86_64-linux-gnu', '-lpython2.7m']
err: /usr/bin/ld: cannot find -lpython2.7m
collect2: error: ld returned 1 exit status

from /root/hpcc_rdma/bindings/python: Test does not build: Traceback (most recent call last):
  File "/root/hpcc_rdma/.waf-1.7.11-edc6ccb516c5e3f9b892efc9f53a610f/waflib/Tools/c_config.py", line 459, in run_c_code
    bld.compile()
  File "/root/hpcc_rdma/.waf-1.7.11-edc6ccb516c5e3f9b892efc9f53a610f/waflib/Build.py", line 188, in compile
    raise Errors.BuildError(self.producer.error)
BuildError: Build failed
 -> task in 'testprog' failed (exit status 1): 
	{task 140508282956112: cxxprogram test.cpp.1.o -> testprog}
['/usr/bin/g++', '-fsanitize=address', '-fsanitize=address', '-Wl,-Bsymbolic-functions', '-Wl,-z,relro', 'test.cpp.1.o', '-o', '/root/hpcc_rdma/build-asan/.conf_check_47edc30cf74b5b20788533ecb328dd94/testbuild/testprog', '-Wl,-Bstatic', '-Wl,-Bdynamic', '-L/usr/lib/python2.7/config-x86_64-linux-gnu', '-lpython2.7m']

not found
from /root/hpcc_rdma/bindings/python: The configuration failed


# try again with -L$prefix/libs, and pythonXY name rather than pythonX.Y (win32)

---------------------------------------------------------
Checking for library python2.7m in $prefix/libs
==>

int main(int argc, char **argv) {
	(void)argc; (void)argv;
	return 0;
}

<==
[1/2] cxx: build-asan/.conf_check_bb4ab0a2da6fec0567ee396296163b23/test.cpp -> build-asan/.conf_check_bb4ab0a2da6fec0567ee396296163b23/testbuild/test.cpp.1.o

['/usr/bin/g++', '-g', '-O1', '-fsanitize=address', '-fno-omit-frame-pointer', '-fno-strict-aliasing', '-fwrapv', '-fdebug-prefix-map=/build/python2.7-QOVJtE/python2.7-2.7.18=.', '-fstack-protector-strong', '-DNS3_ASSERT_ENABLE', '-DNS3_LOG_ENABLE', '-DPYTHONDIR="/usr/local/lib/python2.7/dist-packages"', '-DPYTHONARCHDIR="/usr/local/lib/python2.7/dist-packages"', '-DNDEBUG', '-D_FORTIFY_SOURCE=2', '../test.cpp', '-c', '-o', 'test.cpp.1.o']
[2/2] cxxprogram: build-asan/.conf_check_bb4ab0a2da6fec0567ee396296163b23/testbuild/test.cpp.1.o -> build-asan/.conf_check_bb4ab0a2da6fec0567ee396296163b23/testbuild/testprog

['/usr/bin/g++', '-fsanitize=address', '-fsanitize=address', '-Wl,-Bsymbolic-functions', '-Wl,-z,relro', 'test.cpp.1.o', '-o', '/root/hpcc_rdma/build-asan/.conf_check_bb4ab0a2da6fec0567ee396296163b23/testbuild/testprog', '-Wl,-Bstatic', '-Wl,-Bdynamic', '-L/usr/libs', '-lpython2.7m']
err: /usr/bin/ld: cannot find -lpython2.7m
collect2: error: ld returned 1 exit status

from /root/hpcc_rdma/bindings/python: Test does not build: Traceback (most recent call last):
  File "/root/hpcc_rdma/.waf-1.7.11-edc6ccb516c5e3f9b892efc9f53a610f/waflib/Tools/c_config.py", line 459, in run_c_code
    bld.compile()
  File "/root/hpcc_rdma/.waf-1.7.11-edc6ccb516c5e3f9b892efc9f53a610f/waflib/Build.py", line 188, in compile
    raise Errors.BuildError(self.producer.error)
BuildError: Build failed
 -> task in 'testprog' failed (exit status 1): 
	{task 140508283601296: cxxprogram test.cpp.1.o -> testprog}
['/usr/bin/g++', '-fsanitize=address', '-fsanitize=address', '-Wl,-Bsymbolic-functions', '-Wl,-z,relro', 'test.cpp.1.o', '-o', '/root/hpcc_rdma/build-asan/.conf_check_bb4ab0a2da6fec0567ee396296163b23/testbuild/testprog', '-Wl,-Bstatic', '-Wl,-Bdynamic', '-L/usr/libs', '-lpython2.7m']

not found
from /root/hpcc_rdma/bindings/python: The configuration failed


# try again with -L$python_LIBDIR: ['/usr/lib']

---------------------------------------------------------
Checking for library python27 in LIBDIR
==>

int main(int argc, char **argv) {
	(void)argc; (void)argv;
	return 0;
}

<==
[1/2] cxx: build-asan/.conf_check_8d4c00df8e5bde69c9f1f5580d7cb80e/test.cpp -> build-asan/.conf_check_8d4c00df8e5bde69c9f1f5580d7cb80e/testbuild/test.cpp.1.o

['/usr/bin/g++', '-g', '-O1', '-fsanitize=address', '-fno-omit-frame-pointer', '-fno-strict-aliasing', '-fwrapv', '-fdebug-prefix-map=/build/python2.7-QOVJtE/python2.7-2.7.18=.', '-fstack-protector-strong', '-DNS3_ASSERT_ENABLE', '-DNS3_LOG_ENABLE', '-DPYTHONDIR="/usr/local/lib/python2.7/dist-packages"', '-DPYTHONARCHDIR="/usr/local/lib/python2.7/dist-packages"', '-DNDEBUG', '-D_FORTIFY_SOURCE=2', '../test.cpp', '-c', '-o', 'test.cpp.1.o']
[2/2] cxxprogram: build-asan/.conf_check_8d4c00df8e5bde69c9f1f5580d7cb80e/testbuild/test.cpp.1.o -> build-asan/.conf_check_8d4c00df8e5bde69c9f1f5580d7cb80e/testbuild/testprog

['/usr/bin/g++', '-fsanitize=address', '-fsanitize=address', '-Wl,-Bsymbolic-functions', '-Wl,-z,relro', 'test.cpp.1.o', '-o', '/root/hpcc_rdma/build-asan/.conf_check_8d4c00df8e5bde69c9f1f5580d7cb80e/testbuild/testprog', '-Wl,-Bstatic', '-Wl,-Bdynamic', '-L/usr/lib', '-lpython27']
err: /usr/bin/ld: cannot find -lpython27
collect2: error: ld returned 1 exit status

from /root/hpcc_rdma/bindings/python: Test does not build: Traceback (most recent call last):
  File "/root/hpcc_rdma/.waf-1.7.11-edc6ccb516c5e3f9b892efc9f53a610f/waflib/Tools/c_config.py", line 459, in run_c_code
    bld.compile()
  File "/root/hpcc_rdma/.waf-1.7.11-edc6ccb516c5e3f9b892efc9f53a610f/waflib/Build.py", line 188, in compile
    raise Errors.BuildError(self.producer.error)
BuildError: Build failed
 -> task in 'testprog' failed (exit status 1): 
	{task 140508283604368: cxxprogram test.cpp.1.o -> testprog}
['/usr/bin/g++', '-fsanitize=address', '-fsanitize=address', '-Wl,-Bsymbolic-functions', '-Wl,-z,relro', 'test.cpp.1.o', '-o', '/root/hpcc_rdma/build-asan/.conf_check_8d4c00df8e5bde69c9f1f5580d7cb80e/testbuild/testprog', '-Wl,-Bstatic', '-Wl,-Bdynamic', '-L/usr/lib', '-lpython27']

not found
from /root/hpcc_rdma/bindings/python: The configuration failed


# try again with -L$python_LIBPL (some systems don't install the python library in $prefix/lib)

---------------------------------------------------------
Checking for library python27 in python_LIBPL
==>

int main(int argc, char **argv) {
	(void)argc; (void)argv;
	return 0;
}

<==
[1/2] cxx: build-asan/.conf_check_9019fe94d6dd549565dfd45921342541/test.cpp -> build-asan/.conf_check_9019fe94d6dd549565dfd45921342541/testbuild/test.cpp.1.o

['/usr/bin/g++', '-g', '-O1', '-fsanitize=address', '-fno-omit-frame-pointer', '-fno-strict-aliasing', '-fwrapv', '-fdebug-prefix-map=/build/python2.7-QOVJtE/python2.7-2.7.18=.', '-fstack-protector-strong', '-DNS3_ASSERT_ENABLE', '-DNS3_LOG_ENABLE', '-DPYTHONDIR="/usr/local/lib/python2.7/dist-packages"', '-DPYTHONARCHDIR="/usr/local/lib/python2.7/dist-packages"', '-DNDEBUG', '-D_FORTIFY_SOURCE=2', '../test.cpp', '-c', '-o', 'test.cpp.1.o']
[2/2] cxxprogram: build-asan/.conf_check_9019fe94d6dd549565dfd45921342541/testbuild/test.cpp.1.o -> build-asan/.conf_check_9019fe94d6dd549565dfd45921342541/testbuild/testprog

['/usr/bin/g++', '-fsanitize=address', '-fsanitize=address', '-Wl,-Bsymbolic-functions', '-Wl,-z,relro', 'test.cpp.1.o', '-o', '/root/hpcc_rdma/build-asan/.conf_check_9019fe94d6dd549565dfd45921342541/testbuild/testprog', '-Wl,-Bstatic', '-Wl,-Bdynamic', '-L/usr/lib/python2.7/config-x86_64-linux-gnu', '-lpython27']
err: /usr/bin/ld: cannot find -lpython27
collect2: error: ld returned 1 exit status

from /root/hpcc_rdma/bindings/python: Test does not build: Traceback (most recent call last):
  File "/root/hpcc_rdma/.waf-1.7.11-edc6ccb516c5e3f9b892efc9f53a610f/waflib/Tools/c_config.py", line 459, in run_c_code
    bld.compile()
  File "/root/hpcc_rdma/.waf-1.7.11-edc6ccb516c5e3f9b892efc9f53a610f/waflib/Build.py", line 188, in compile
    raise Errors.BuildError(self.producer.error)
BuildError: Build failed
 -> task in 'testprog' failed (exit status 1): 
	{task 140508283127120: cxxprogram test.cpp.1.o -> testprog}
['/usr/bin/g++', '-fsanitize=address', '-fsanitize=address', '-Wl,-Bsymbolic-functions', '-Wl,-z,relro', 'test.cpp.1.o', '-o', '/root/hpcc_rdma/build-asan/.conf_check_9019fe94d6dd549565dfd45921342541/testbuild/testprog', '-Wl,-Bstatic', '-Wl,-Bdynamic', '-L/usr/lib/python2.7/config-x86_64-linux-gnu', '-lpython27']

not found
from /root/hpcc_rdma/bindings/python: The configuration failed


# try again with -L$prefix/libs, and pythonXY name rather than pythonX.Y (win32)

---------------------------------------------------------
Checking for library python27 in $prefix/libs
==>

int main(int argc, char **argv) {
	(void)argc; (void)argv;
	return 0;
}

<==
[1/2] cxx: build-asan/.conf_check_d0a3a3e87346a24a0cb64337d5363d6d/test.cpp -> build-asan/.conf_check_d0a3a3e87346a24a0cb64337d5363d6d/testbuild/test.cpp.1.o

['/usr/bin/g++', '-g', '-O1', '-fsanitize=address', '-fno-omit-frame-pointer', '-fno-strict-aliasing', '-fwrapv', '-fdebug-prefix-map=/build/python2.7-QOVJtE/python2.7-2.7.18=.', '-fstack-protector-strong', '-DNS3_ASSERT_ENABLE', '-DNS3_LOG_ENABLE', '-DPYTHONDIR="/usr/local/lib/python2.7/dist-packages"', '-DPYTHONARCHDIR="/usr/local/lib/python2.7/dist-packages"', '-DNDEBUG', '-D_FORTIFY_SOURCE=2', '../test.cpp', '-c', '-o', 'test.cpp.1.o']
[2/2] cxxprogram: build-asan/.conf_check_d0a3a3e87346a24a0cb64337d5363d6d/testbuild/test.cpp.1.o -> build-asan/.conf_check_d0a3a3e87346a24a0cb64337d5363d6d/testbuild/testprog

['/usr/bin/g++', '-fsanitize=address', '-fsanitize=address', '-Wl,-Bsymbolic-functions', '-Wl,-z,relro', 'test.cpp.1.o', '-o', '/root/hpcc_rdma/build-asan/.conf_check_d0a3a3e87346a24a0cb64337d5363d6d/testbuild/testprog', '-Wl,-Bstatic', '-Wl,-Bdynamic', '-L/usr/libs', '-lpython27']
err: /usr/bin/ld: cannot find -lpython27
collect2: error: ld returned 1 exit status

from /root/hpcc_rdma/bindings/python: Test does not build: Traceback (most recent call last):
  File "/root/hpcc_rdma/.waf-1.7.11-edc6ccb516c5e3f9b892efc9f53a610f/waflib/Tools/c_config.py", line 459, in run_c_code
    bld.compile()
  File "/root/hpcc_rdma/.waf-1.7.11-edc6ccb516c5e3f9b892efc9f53a610f/waflib/Build.py", line 188, in compile
    raise Errors.BuildError(self.producer.error)
BuildError: Build failed
 -> task in 'testprog' failed (exit status 1): 
	{task 140508283128784: cxxprogram test.cpp.1.o -> testprog}
['/usr/bin/g++', '-fsanitize=address', '-fsanitize=address', '-Wl,-Bsymbolic-functions', '-Wl,-z,relro', 'test.cpp.1.o', '-o', '/root/hpcc_rdma/build-asan/.conf_check_d0a3a3e87346a24a0cb64337d5363d6d/testbuild/testprog', '-Wl,-Bstatic', '-Wl,-Bdynamic', '-L/usr/libs', '-lpython27']

not found
from /root/hpcc_rdma/bindings/python: The configuration failed


### LIB NOT FOUND

------------------------------------------------------------------------------------------------
Checking for program /usr/bin/python-config,python2.7-config,python-config-2.7,python2.7m-config
not found
find program=['/usr/bin/python-config', 'python2.7-config', 'python-config-2.7', 'python2.7m-config'] paths=['/usr/local/sbin', '/usr/local/bin', '/usr/sbin', '/usr/bin', '/sbin', '/bin'] var='PYTHON_CONFIG' -> ''
from /root/hpcc_rdma/bindings/python: Could not find the program /usr/bin/python-config,python2.7-config,python-config-2.7,python2.7m-config
Include path for Python extensions (found via distutils module): '/usr/include/python2.7'

------------------------------------------------------------------------------------------------
Checking for header Python.h
==>

#include <Python.h>
#ifdef __cplusplus
extern "C" {
#endif
	void Py_Initialize(void);
	void Py_Finalize(void);
#ifdef __cplusplus
}
#endif
int main(int argc, char **argv)
{
   (void)argc; (void)argv;
   Py_Initialize();
   Py_Finalize();
   return 0;
}

<==
[1/2] cxx: build-asan/.conf_check_1f933b02106127ce3a9f4633a0e368e7/test.cpp -> build-asan/.conf_check_1f933b02106127ce3a9f4633a0e368e7/testbuild/test.cpp.1.o

['/usr/bin/g++', '-g', '-O1', '-fsanitize=address', '-fno-omit-frame-pointer', '-fno-strict-aliasing', '-fwrapv', '-fdebug-prefix-map=/build/python2.7-QOVJtE/python2.7-2.7.18=.', '-fstack-protector-strong', '-fno-strict-aliasing', '-I/usr/include/python2.7', '-DNS3_ASSERT_ENABLE', '-DNS3_LOG_ENABLE', '-DPYTHONDIR="/usr/local/lib/python2.7/dist-packages"', '-DPYTHONARCHDIR="/usr/local/lib/python2.7/dist-packages"', '-DNDEBUG', '-D_FORTIFY_SOURCE=2', '../test.cpp', '-c', '-o', 'test.cpp.1.o']
err: ../test.cpp:2:10: fatal error: Python.h: No such file or directory
    2 | #include <Python.h>
      |          ^~~~~~~~~~
compilation terminated.

from /root/hpcc_rdma/bindings/python: Test does not build: Traceback (most recent call last):
  File "/root/hpcc_rdma/.waf-1.7.11-edc6ccb516c5e3f9b892efc9f53a610f/waflib/Tools/c_config.py", line 459, in run_c_code
    bld.compile()
  File "/root/hpcc_rdma/.waf-1.7.11-edc6ccb516c5e3f9b892efc9f53a610f/waflib/Build.py", line 188, in compile
    raise Errors.BuildError(self.producer.error)
BuildError: Build failed
 -> task in 'testprog' failed (exit status 1): 
	{task 140508283126352: cxx test.cpp -> test.cpp.1.o}
['/usr/bin/g++', '-g', '-O1', '-fsanitize=address', '-fno-omit-frame-pointer', '-fno-strict-aliasing', '-fwrapv', '-fdebug-prefix-map=/build/python2.7-QOVJtE/python2.7-2.7.18=.', '-fstack-protector-strong', '-fno-strict-aliasing', '-I/usr/include/python2.7', '-DNS3_ASSERT_ENABLE', '-DNS3_LOG_ENABLE', '-DPYTHONDIR="/usr/local/lib/python2.7/dist-packages"', '-DPYTHONARCHDIR="/usr/local/lib/python2.7/dist-packages"', '-DNDEBUG', '-D_FORTIFY_SOURCE=2', '../test.cpp', '-c', '-o', 'test.cpp.1.o']

:-(
from /root/hpcc_rdma/bindings/python: The configuration failed
------------------------------------------------------------------------------------------------
Asking python-config for pyembed --cflags flags
[[], '--cflags']
not found
from /root/hpcc_rdma/bindings/python: The configuration failed
------------------------------------------------------------------------------------------------
Checking boost includes
from /root/hpcc_rdma/src: headers not found, please provide a --boost-includes argument (see help)
not found
------------------------------------------------------------------------------------------------
Checking boost includes
from /root/hpcc_rdma/src: headers not found, please provide a --boost-includes argument (see help)
not found
------------------------------------------------------------------------------------------------
Checking for click location
not found
------------------------------------------------------------------------------------------------
Checking for program pkg-config
not found
find program=['pkg-config'] paths=['/usr/local/sbin', '/usr/local/bin', '/usr/sbin', '/usr/bin', '/sbin', '/bin'] var='PKGCONFIG' -> ''
from /root/hpcc_rdma/src/config-store: Could not find the program pkg-config
------------------------------------------------------------------------------------------------
Checking for program pkg-config
not found
find program=['pkg-config'] paths=['/usr/local/sbin', '/usr/local/bin', '/usr/sbin', '/usr/bin', '/sbin', '/bin'] var='PKGCONFIG' -> ''
from /root/hpcc_rdma/src/config-store: Could not find the program pkg-config
------------------------------------------------------------------------------------------------
Checking for type uint128_t
==>
#include <stdint.h>

int main(int argc, char **argv) {
	(void)argc; (void)argv;
	if ((uint128_t *) 0) return 0;
	if (sizeof (uint128_t)) return 0;
	return 1;
}

<==
[1/2] cxx: build-asan/.conf_check_656b178ce7442053dff90315b31a1cc5/test.cpp -> build-asan/.conf_check_656b178ce7442053dff90315b31a1cc5/testbuild/test.cpp.1.o

['/usr/bin/g++', '-g', '-O1', '-fsanitize=address', '-fno-omit-frame-pointer', '-DNS3_ASSERT_ENABLE', '-DNS3_LOG_ENABLE', '../test.cpp', '-c', '-o', 'test.cpp.1.o']
err: ../test.cpp: In function 'int main(int, char**)':
../test.cpp:5:7: error: 'uint128_t' was not declared in this scope; did you mean 'uint32_t'?
    5 |  if ((uint128_t *) 0) return 0;
      |       ^~~~~~~~~
      |       uint32_t
../test.cpp:5:18: error: expected primary-expression before ')' token
    5 |  if ((uint128_t *) 0) return 0;
      |                  ^
../test.cpp:5:19: error: expected ')' before numeric constant
    5 |  if ((uint128_t *) 0) return 0;
      |     ~             ^~
      |                   )
../test.cpp:6:14: error: 'uint128_t' was not declared in this scope; did you mean 'uint32_t'?
    6 |  if (sizeof (uint128_t)) return 0;
      |              ^~~~~~~~~
      |              uint32_t

from /root/hpcc_rdma/src/core: Test does not build: Traceback (most recent call last):
  File "/root/hpcc_rdma/.waf-1.7.11-edc6ccb516c5e3f9b892efc9f53a610f/waflib/Tools/c_config.py", line 459, in run_c_code
    bld.compile()
  File "/root/hpcc_rdma/.waf-1.7.11-edc6ccb516c5e3f9b892efc9f53a610f/waflib/Build.py", line 188, in compile
    raise Errors.BuildError(self.producer.error)
BuildError: Build failed
 -> task in 'testprog' failed (exit status 1): 
	{task 140508283304208: cxx test.cpp -> test.cpp.1.o}
['/usr/bin/g++', '-g', '-O1', '-fsanitize=address', '-fno-omit-frame-pointer', '-DNS3_ASSERT_ENABLE', '-DNS3_LOG_ENABLE', '../test.cpp', '-c', '-o', 'test.cpp.1.o']

not found
from /root/hpcc_rdma/src/core: The configuration failed
------------------------------------------------------------------------------------------------
Checking for type __uint128_t
==>
#include <stdint.h>

int main(int argc, char **argv) {
	(void)argc; (void)argv;
	if ((__uint128_t *) 0) return 0;
	if (sizeof (__uint128_t)) return 0;
	return 1;
}

<==
[1/2] cxx: build-asan/.conf_check_ace1886511f08627ee2e4ca020806295/test.cpp -> build-asan/.conf_check_ace1886511f08627ee2e4ca020806295/testbuild/test.cpp.1.o

['/usr/bin/g++', '-g', '-O1', '-fsanitize=address', '-fno-omit-frame-pointer', '-DNS3_ASSERT_ENABLE', '-DNS3_LOG_ENABLE', '../test.cpp', '-c', '-o', 'test.cpp.1.o']
[2/2] cxxprogram: build-asan/.conf_check_ace1886511f08627ee2e4ca020806295/testbuild/test.cpp.1.o -> build-asan/.conf_check_ace1886511f08627ee2e4ca020806295/testbuild/testprog

['/usr/bin/g++', '-fsanitize=address', '-fsanitize=address', 'test.cpp.1.o', '-o', '/root/hpcc_rdma/build-asan/.conf_check_ace1886511f08627ee2e4ca020806295/testbuild/testprog', '-Wl,-Bstatic', '-Wl,-Bdynamic']
yes
------------------------------------------------------------------------------------------------
Checking high precision time implementation
128-bit integer
------------------------------------------------------------------------------------------------
Checking for header stdint.h
==>
#include <stdint.h>

int main(int argc, char **argv) {
	(void)argc; (void)argv;
	return 0;
}

<==
[1/2] cxx: build-asan/.conf_check_fa0c4ec9c63ac505501cc0863d9bdc48/test.cpp -> build-asan/.conf_check_fa0c4ec9c63ac505501cc0863d9bdc48/testbuild/test.cpp.1.o

['/usr/bin/g++', '-g', '-O1', '-fsanitize=address', '-fno-omit-frame-pointer', '-DNS3_ASSERT_ENABLE', '-DNS3_LOG_ENABLE', '-DHAVE___UINT128_T=1', '-DINT64X64_USE_128=1', '../test.cpp', '-c', '-o', 'test.cpp.1.o']
[2/2] cxxprogram: build-asan/.conf_check_fa0c4ec9c63ac505501cc0863d9bdc48/testbuild/test.cpp.1.o -> build-asan/.conf_check_fa0c4ec9c63ac505501cc0863d9bdc48/testbuild/testprog

['/usr/bin/g++', '-fsanitize=address', '-fsanitize=address', 'test.cpp.1.o', '-o', '/root/hpcc_rdma/build-asan/.conf_check_fa0c4ec9c63ac505501cc0863d9bdc48/testbuild/testprog', '-Wl,-Bstatic', '-Wl,-Bdynamic']
yes
------------------------------------------------------------------------------------------------
Checking for header inttypes.h
==>
#include <inttypes.h>

int main(int argc, char **argv) {
	(void)argc; (void)argv;
	return 0;
}

<==
[1/2] cxx: build-asan/.conf_check_7c67b81911f8bf0aede92c843d0e47cf/test.cpp -> build-asan/.conf_check_7c67b81911f8bf0aede92c843d0e47cf/testbuild/test.cpp.1.o

['/usr/bin/g++', '-g', '-O1', '-fsanitize=address', '-fno-omit-frame-pointer', '-DNS3_ASSERT_ENABLE', '-DNS3_LOG_ENABLE', '-DHAVE___UINT128_T=1', '-DINT64X64_USE_128=1', '-DHAVE_STDINT_H=1', '../test.cpp', '-c', '-o', 'test.cpp.1.o']
[2/2] cxxprogram: build-asan/.conf_check_7c67b81911f8bf0aede92c843d0e47cf/testbuild/test.cpp.1.o -> build-asan/.conf_check_7c67b81911f8bf0aede92c843d0e47cf/testbuild/testprog

['/usr/bin/g++', '-fsanitize=address', '-fsanitize=address', 'test.cpp.1.o', '-o', '/root/hpcc_rdma/build-asan/.conf_check_7c67b81911f8bf0aede92c843d0e47cf/testbuild/testprog', '-Wl,-Bstatic', '-Wl,-Bdynamic']
yes
------------------------------------------------------------------------------------------------
Checking for header sys/inttypes.h
==>
#include <sys/inttypes.h>

int main(int argc, char **argv) {
	(void)argc; (void)argv;
	return 0;
}

<==
[1/2] cxx: build-asan/.conf_check_61ecbfef21667d45a28decabe37fdf64/test.cpp -> build-asan/.conf_check_61ecbfef21667d45a28decabe37fdf64/testbuild/test.cpp.1.o

['/usr/bin/g++', '-g', '-O1', '-fsanitize=address', '-fno-omit-frame-pointer', '-DNS3_ASSERT_ENABLE', '-DNS3_LOG_ENABLE', '-DHAVE___UINT128_T=1', '-DINT64X64_USE_128=1', '-DHAVE_STDINT_H=1', '-DHAVE_INTTYPES_H=1', '../test.cpp', '-c', '-o', 'test.cpp.1.o']
err: ../test.cpp:1:10: fatal error: sys/inttypes.h: No such file or directory
    1 | #include <sys/inttypes.h>
      |          ^~~~~~~~~~~~~~~~
compilation terminated.

from /root/hpcc_rdma/src/core: Test does not build: Traceback (most recent call last):
  File "/root/hpcc_rdma/.waf-1.7.11-edc6ccb516c5e3f9b892efc9f53a610f/waflib/Tools/c_config.py", line 459, in run_c_code
    bld.compile()
  File "/root/hpcc_rdma/.waf-1.7.11-edc6ccb516c5e3f9b892efc9f53a610f/waflib/Build.py", line 188, in compile
    raise Errors.BuildError(self.producer.error)
BuildError: Build failed
 -> task in 'testprog' failed (exit status 1): 
	{task 140508283126096: cxx test.cpp -> test.cpp.1.o}
['/usr/bin/g++', '-g', '-O1', '-fsanitize=address', '-fno-omit-frame-pointer', '-DNS3_ASSERT_ENABLE', '-DNS3_LOG_ENABLE', '-DHAVE___UINT128_T=1', '-DINT64X64_USE_128=1', '-DHAVE_STDINT_H=1', '-DHAVE_INTTYPES_H=1', '../test.cpp', '-c', '-o', 'test.cpp.1.o']

not found
from /root/hpcc_rdma/src/core: The configuration failed
------------------------------------------------------------------------------------------------
Checking for header sys/types.h
==>
#include <sys/types.h>

int main(int argc, char **argv) {
	(void)argc; (void)argv;
	return 0;
}

<==
[1/2] cxx: build-asan/.conf_check_8d38681417ac64f5b5b7d4ca87b0e4f3/test.cpp -> build-asan/.conf_check_8d38681417ac64f5b5b7d4ca87b0e4f3/testbuild/test.cpp.1.o

['/usr/bin/g++', '-g', '-O1', '-fsanitize=address', '-fno-omit-frame-pointer', '-DNS3_ASSERT_ENABLE', '-DNS3_LOG_ENABLE', '-DHAVE___UINT128_T=1', '-DINT64X64_USE_128=1', '-DHAVE_STDINT_H=1', '-DHAVE_INTTYPES_H=1', '../test.cpp', '-c', '-o', 'test.cpp.1.o']
[2/2] cxxprogram: build-asan/.conf_check_8d38681417ac64f5b5b7d4ca87b0e4f3/testbuild/test.cpp.1.o -> build-asan/.conf_check_8d38681417ac64f5b5b7d4ca87b0e4f3/testbuild/testprog

['/usr/bin/g++', '-fsanitize=address', '-fsanitize=address', 'test.cpp.1.o', '-o', '/root/hpcc_rdma/build-asan/.conf_check_8d38681417ac64f5b5b7d4ca87b0e4f3/testbuild/testprog', '-Wl,-Bstatic', '-Wl,-Bdynamic']
yes
------------------------------------------------------------------------------------------------
Checking for header sys/stat.h
==>
#include <sys/stat.h>

int main(int argc, char **argv) {
	(void)argc; (void)argv;
	return 0;
}

<==
[1/2] cxx: build-asan/.conf_check_8dd79274749d59bf459dfbeb1200c7d7/test.cpp -> build-asan/.conf_check_8dd79274749d59bf459dfbeb1200c7d7/testbuild/test.cpp.1.o

['/usr/bin/g++', '-g', '-O1', '-fsanitize=address', '-fno-omit-frame-pointer', '-DNS3_ASSERT_ENABLE', '-DNS3_LOG_ENABLE', '-DHAVE___UINT128_T=1', '-DINT64X64_USE_128=1', '-DHAVE_STDINT_H=1', '-DHAVE_INTTYPES_H=1', '-DHAVE_SYS_TYPES_H=1', '../test.cpp', '-c', '-o', 'test.cpp.1.o']
[2/2] cxxprogram: build-asan/.conf_check_8dd79274749d59bf459dfbeb1200c7d7/testbuild/test.cpp.1.o -> build-asan/.conf_check_8dd79274749d59bf459dfbeb1200c7d7/testbuild/testprog

['/usr/bin/g++', '-fsanitize=address', '-fsanitize=address', 'test.cpp.1.o', '-o', '/root/hpcc_rdma/build-asan/.conf_check_8dd79274749d59bf459dfbeb1200c7d7/testbuild/testprog', '-Wl,-Bstatic', '-Wl,-Bdynamic']
yes
------------------------------------------------------------------------------------------------
Checking for header dirent.h
==>
#include <dirent.h>

int main(int argc, char **argv) {
	(void)argc; (void)argv;
	return 0;
}

<==
[1/2] cxx: build-asan/.conf_check_c94d96928742c001335a0559791a93d8/test.cpp -> build-asan/.conf_check_c94d96928742c001335a0559791a93d8/testbuild/test.cpp.1.o

['/usr/bin/g++', '-g', '-O1', '-fsanitize=address', '-fno-omit-frame-pointer', '-DNS3_ASSERT_ENABLE', '-DNS3_LOG_ENABLE', '-DHAVE___UINT128_T=1', '-DINT64X64_USE_128=1', '-DHAVE_STDINT_H=1', '-DHAVE_INTTYPES_H=1', '-DHAVE_SYS_TYPES_H=1', '-DHAVE_SYS_STAT_H=1', '../test.cpp', '-c', '-o', 'test.cpp.1.o']
[2/2] cxxprogram: build-asan/.conf_check_c94d96928742c001335a0559791a93d8/testbuild/test.cpp.1.o -> build-asan/.conf_check_c94d96928742c001335a0559791a93d8/testbuild/testprog

['/usr/bin/g++', '-fsanitize=address', '-fsanitize=address', 'test.cpp.1.o', '-o', '/root/hpcc_rdma/build-asan/.conf_check_c94d96928742c001335a0559791a93d8/testbuild/testprog', '-Wl,-Bstatic', '-Wl,-Bdynamic']
yes
------------------------------------------------------------------------------------------------
Checking for header stdlib.h
==>
#include <stdlib.h>

int main(int argc, char **argv) {
	(void)argc; (void)argv;
	return 0;
}

<==
[1/2] cxx: build-asan/.conf_check_3a82ef2f96ebcc67f6086c98d2e6291e/test.cpp -> build-asan/.conf_check_3a82ef2f96ebcc67f6086c98d2e6291e/testbuild/test.cpp.1.o

['/usr/bin/g++', '-g', '-O1', '-fsanitize=address', '-fno-omit-frame-pointer', '-DNS3_ASSERT_ENABLE', '-DNS3_LOG_ENABLE', '-DHAVE___UINT128_T=1', '-DINT64X64_USE_128=1', '-DHAVE_STDINT_H=1', '-DHAVE_INTTYPES_H=1', '-DHAVE_SYS_TYPES_H=1', '-DHAVE_SYS_STAT_H=1', '-DHAVE_DIRENT_H=1', '../test.cpp', '-c', '-o', 'test.cpp.1.o']
[2/2] cxxprogram: build-asan/.conf_check_3a82ef2f96ebcc67f6086c98d2e6291e/testbuild/test.cpp.1.o -> build-asan/.conf_check_3a82ef2f96ebcc67f6086c98d2e6291e/testbuild/testprog

['/usr/bin/g++', '-fsanitize=address', '-fsanitize=address', 'test.cpp.1.o', '-o', '/root/hpcc_rdma/build-asan/.conf_check_3a82ef2f96ebcc67f6086c98d2e6291e/testbuild/testprog', '-Wl,-Bstatic', '-Wl,-Bdynamic']
yes
------------------------------------------------------------------------------------------------
Checking for header signal.h
==>
#include <signal.h>

int main(int argc, char **argv) {
	(void)argc; (void)argv;
	return 0;
}

<==
[1/2] cxx: build-asan/.conf_check_48955ac54d2136a572805353a7b9b62d/test.cpp -> build-asan/.conf_check_48955ac54d2136a572805353a7b9b62d/testbuild/test.cpp.1.o

['/usr/bin/g++', '-g', '-O1', '-fsanitize=address', '-fno-omit-frame-pointer', '-DNS3_ASSERT_ENABLE', '-DNS3_LOG_ENABLE', '-DHAVE___UINT128_T=1', '-DINT64X64_USE_128=1', '-DHAVE_STDINT_H=1', '-DHAVE_INTTYPES_H=1', '-DHAVE_SYS_TYPES_H=1', '-DHAVE_SYS_STAT_H=1', '-DHAVE_DIRENT_H=1', '-DHAVE_STDLIB_H=1', '-DHAVE_GETENV=1', '../test.cpp', '-c', '-o', 'test.cpp.1.o']
[2/2] cxxprogram: build-asan/.conf_check_48955ac54d2136a572805353a7b9b62d/testbuild/test.cpp.1.o -> build-asan/.conf_check_48955ac54d2136a572805353a7b9b62d/testbuild/testprog

['/usr/bin/g++', '-fsanitize=address', '-fsanitize=address', 'test.cpp.1.o', '-o', '/root/hpcc_rdma/build-asan/.conf_check_48955ac54d2136a572805353a7b9b62d/testbuild/testprog', '-Wl,-Bstatic', '-Wl,-Bdynamic']
yes
------------------------------------------------------------------------------------------------
Checking for header pthread.h
==>

#include <pthread.h>
int main ()
{
   pthread_mutex_t m;
   pthread_mutex_init (&m, NULL);
   return 0;
}

<==
[1/2] cxx: build-asan/.conf_check_2be466e82e703a744ee152afe2b58299/test.cpp -> build-asan/.conf_check_2be466e82e703a744ee152afe2b58299/testbuild/test.cpp.1.o

['/usr/bin/g++', '-g', '-O1', '-fsanitize=address', '-fno-omit-frame-pointer', '-pthread', '-DNS3_ASSERT_ENABLE', '-DNS3_LOG_ENABLE', '-DHAVE___UINT128_T=1', '-DINT64X64_USE_128=1', '-DHAVE_STDINT_H=1', '-DHAVE_INTTYPES_H=1', '-DHAVE_SYS_TYPES_H=1', '-DHAVE_SYS_STAT_H=1', '-DHAVE_DIRENT_H=1', '-DHAVE_STDLIB_H=1', '-DHAVE_GETENV=1', '-DHAVE_SIGNAL_H=1', '../test.cpp', '-c', '-o', 'test.cpp.1.o']
[2/2] cxxprogram: build-asan/.conf_check_2be466e82e703a744ee152afe2b58299/testbuild/test.cpp.1.o -> build-asan/.conf_check_2be466e82e703a744ee152afe2b58299/testbuild/testprog

['/usr/bin/g++', '-fsanitize=address', '-fsanitize=address', '-pthread', 'test.cpp.1.o', '-o', '/root/hpcc_rdma/build-asan/.conf_check_2be466e82e703a744ee152afe2b58299/testbuild/testprog', '-Wl,-Bstatic', '-Wl,-Bdynamic']
yes
------------------------------------------------------------------------------------------------
Checking for header stdint.h
==>
#include <stdint.h>

int main(int argc, char **argv) {
	(void)argc; (void)argv;
	return 0;
}

<==
[1/2] cxx: build-asan/.conf_check_fa0c4ec9c63ac505501cc0863d9bdc48/test.cpp -> build-asan/.conf_check_fa0c4ec9c63ac505501cc0863d9bdc48/testbuild/test.cpp.1.o

['/usr/bin/g++', '-g', '-O1', '-fsanitize=address', '-fno-omit-frame-pointer', '-DNS3_ASSERT_ENABLE', '-DNS3_LOG_ENABLE', '-DHAVE___UINT128_T=1', '-DINT64X64_USE_128=1', '-DHAVE_INTTYPES_H=1', '-DHAVE_SYS_TYPES_H=1', '-DHAVE_SYS_STAT_H=1', '-DHAVE_DIRENT_H=1', '-DHAVE_STDLIB_H=1', '-DHAVE_GETENV=1', '-DHAVE_SIGNAL_H=1', '-DHAVE_PTHREAD_H=1', '../test.cpp', '-c', '-o', 'test.cpp.1.o']
[2/2] cxxprogram: build-asan/.conf_check_fa0c4ec9c63ac505501cc0863d9bdc48/testbuild/test.cpp.1.o -> build-asan/.conf_check_fa0c4ec9c63ac505501cc0863d9bdc48/testbuild/testprog

['/usr/bin/g++', '-fsanitize=address', '-fsanitize=address', 'test.cpp.1.o', '-o', '/root/hpcc_rdma/build-asan/.conf_check_fa0c4ec9c63ac505501cc0863d9bdc48/testbuild/testprog', '-Wl,-Bstatic', '-Wl,-Bdynamic']
yes
------------------------------------------------------------------------------------------------
Checking for header inttypes.h
==>
#include <inttypes.h>

int main(int argc, char **argv) {
	(void)argc; (void)argv;
	return 0;
}

<==
[1/2] cxx: build-asan/.conf_check_7c67b81911f8bf0aede92c843d0e47cf/test.cpp -> build-asan/.conf_check_7c67b81911f8bf0aede92c843d0e47cf/testbuild/test.cpp.1.o

['/usr/bin/g++', '-g', '-O1', '-fsanitize=address', '-fno-omit-frame-pointer', '-DNS3_ASSERT_ENABLE', '-DNS3_LOG_ENABLE', '-DHAVE___UINT128_T=1', '-DINT64X64_USE_128=1', '-DHAVE_SYS_TYPES_H=1', '-DHAVE_SYS_STAT_H=1', '-DHAVE_DIRENT_H=1', '-DHAVE_STDLIB_H=1', '-DHAVE_GETENV=1', '-DHAVE_SIGNAL_H=1', '-DHAVE_PTHREAD_H=1', '-DHAVE_STDINT_H=1', '../test.cpp', '-c', '-o', 'test.cpp.1.o']
[2/2] cxxprogram: build-asan/.conf_check_7c67b81911f8bf0aede92c843d0e47cf/testbuild/test.cpp.1.o -> build-asan/.conf_check_7c67b81911f8bf0aede92c843d0e47cf/testbuild/testprog

['/usr/bin/g++', '-fsanitize=address', '-fsanitize=address', 'test.cpp.1.o', '-o', '/root/hpcc_rdma/build-asan/.conf_check_7c67b81911f8bf0aede92c843d0e47cf/testbuild/testprog', '-Wl,-Bstatic', '-Wl,-Bdynamic']
yes
------------------------------------------------------------------------------------------------
Checking for header sys/inttypes.h
==>
#include <sys/inttypes.h>

int main(int argc, char **argv) {
	(void)argc; (void)argv;
	return 0;
}

<==
[1/2] cxx: build-asan/.conf_check_61ecbfef21667d45a28decabe37fdf64/test.cpp -> build-asan/.conf_check_61ecbfef21667d45a28decabe37fdf64/testbuild/test.cpp.1.o

['/usr/bin/g++', '-g', '-O1', '-fsanitize=address', '-fno-omit-frame-pointer', '-DNS3_ASSERT_ENABLE', '-DNS3_LOG_ENABLE', '-DHAVE___UINT128_T=1', '-DINT64X64_USE_128=1', '-DHAVE_SYS_TYPES_H=1', '-DHAVE_SYS_STAT_H=1', '-DHAVE_DIRENT_H=1', '-DHAVE_STDLIB_H=1', '-DHAVE_GETENV=1', '-DHAVE_SIGNAL_H=1', '-DHAVE_PTHREAD_H=1', '-DHAVE_STDINT_H=1', '-DHAVE_INTTYPES_H=1', '../test.cpp', '-c', '-o', 'test.cpp.1.o']
err: ../test.cpp:1:10: fatal error: sys/inttypes.h: No such file or directory
    1 | #include <sys/inttypes.h>
      |          ^~~~~~~~~~~~~~~~
compilation terminated.

from /root/hpcc_rdma/src/core: Test does not build: Traceback (most recent call last):
  File "/root/hpcc_rdma/.waf-1.7.11-edc6ccb516c5e3f9b892efc9f53a610f/waflib/Tools/c_config.py", line 459, in run_c_code
    bld.compile()
  File "/root/hpcc_rdma/.waf-1.7.11-edc6ccb516c5e3f9b892efc9f53a610f/waflib/Build.py", line 188, in compile
    raise Errors.BuildError(self.producer.error)
BuildError: Build failed
 -> task in 'testprog' failed (exit status 1): 
	{task 140508283600976: cxx test.cpp -> test.cpp.1.o}
['/usr/bin/g++', '-g', '-O1', '-fsanitize=address', '-fno-omit-frame-pointer', '-DNS3_ASSERT_ENABLE', '-DNS3_LOG_ENABLE', '-DHAVE___UINT128_T=1', '-DINT64X64_USE_128=1', '-DHAVE_SYS_TYPES_H=1', '-DHAVE_SYS_STAT_H=1', '-DHAVE_DIRENT_H=1', '-DHAVE_STDLIB_H=1', '-DHAVE_GETENV=1', '-DHAVE_SIGNAL_H=1', '-DHAVE_PTHREAD_H=1', '-DHAVE_STDINT_H=1', '-DHAVE_INTTYPES_H=1', '../test.cpp', '-c', '-o', 'test.cpp.1.o']

not found
from /root/hpcc_rdma/src/core: The configuration failed
------------------------------------------------------------------------------------------------
Checking for library rt
==>

int main(int argc, char **argv) {
	(void)argc; (void)argv;
	return 0;
}

<==
[1/2] cxx: build-asan/.conf_check_5ef57bc0d8aa3565949b6ce1186fd4a7/test.cpp -> build-asan/.conf_check_5ef57bc0d8aa3565949b6ce1186fd4a7/testbuild/test.cpp.1.o

['/usr/bin/g++', '-g', '-O1', '-fsanitize=address', '-fno-omit-frame-pointer', '-pthread', '-DNS3_ASSERT_ENABLE', '-DNS3_LOG_ENABLE', '-DHAVE___UINT128_T=1', '-DINT64X64_USE_128=1', '-DHAVE_SYS_TYPES_H=1', '-DHAVE_SYS_STAT_H=1', '-DHAVE_DIRENT_H=1', '-DHAVE_STDLIB_H=1', '-DHAVE_GETENV=1', '-DHAVE_SIGNAL_H=1', '-DHAVE_PTHREAD_H=1', '-DHAVE_STDINT_H=1', '-DHAVE_INTTYPES_H=1', '../test.cpp', '-c', '-o', 'test.cpp.1.o']
[2/2] cxxprogram: build-asan/.conf_check_5ef57bc0d8aa3565949b6ce1186fd4a7/testbuild/test.cpp.1.o -> build-asan/.conf_check_5ef57bc0d8aa3565949b6ce1186fd4a7/testbuild/testprog

['/usr/bin/g++', '-fsanitize=address', '-fsanitize=address', '-pthread', 'test.cpp.1.o', '-o', '/root/hpcc_rdma/build-asan/.conf_check_5ef57bc0d8aa3565949b6ce1186fd4a7/testbuild/testprog', '-Wl,-Bstatic', '-Wl,-Bdynamic', '-lrt']
yes
------------------------------------------------------------------------------------------------
Checking for header netpacket/packet.h
==>
#include <netpacket/packet.h>

int main(int argc, char **argv) {
	(void)argc; (void)argv;
	return 0;
}

<==
[1/2] cxx: build-asan/.conf_check_f00bb2460dc7019f64c1a347be5879fa/test.cpp -> build-asan/.conf_check_f00bb2460dc7019f64c1a347be5879fa/testbuild/test.cpp.1.o

['/usr/bin/g++', '-g', '-O1', '-fsanitize=address', '-fno-omit-frame-pointer', '-DNS3_ASSERT_ENABLE', '-DNS3_LOG_ENABLE', '../test.cpp', '-c', '-o', 'test.cpp.1.o']
[2/2] cxxprogram: build-asan/.conf_check_f00bb2460dc7019f64c1a347be5879fa/testbuild/test.cpp.1.o -> build-asan/.conf_check_f00bb2460dc7019f64c1a347be5879fa/testbuild/testprog

['/usr/bin/g++', '-fsanitize=address', '-fsanitize=address', 'test.cpp.1.o', '-o', '/root/hpcc_rdma/build-asan/.conf_check_f00bb2460dc7019f64c1a347be5879fa/testbuild/testprog', '-Wl,-Bstatic', '-Wl,-Bdynamic']
yes
------------------------------------------------------------------------------------------------
Checking for NSC location
not found
------------------------------------------------------------------------------------------------
Checking for program pkg-config
not found
find program=['pkg-config'] paths=['/usr/local/sbin', '/usr/local/bin', '/usr/sbin', '/usr/bin', '/sbin', '/bin'] var='PKGCONFIG' -> ''
from /root/hpcc_rdma/src/stats: Could not find the program pkg-config
------------------------------------------------------------------------------------------------
Checking for header linux/if_tun.h
==>
#include <linux/if_tun.h>

int main(int argc, char **argv) {
	(void)argc; (void)argv;
	return 0;
}

<==
[1/2] cxx: build-asan/.conf_check_79f849e1774b3cde8897857e178c7c8c/test.cpp -> build-asan/.conf_check_79f849e1774b3cde8897857e178c7c8c/testbuild/test.cpp.1.o

['/usr/bin/g++', '-g', '-O1', '-fsanitize=address', '-fno-omit-frame-pointer', '-DNS3_ASSERT_ENABLE', '-DNS3_LOG_ENABLE', '-DHAVE_PACKET_H=1', '../test.cpp', '-c', '-o', 'test.cpp.1.o']
[2/2] cxxprogram: build-asan/.conf_check_79f849e1774b3cde8897857e178c7c8c/testbuild/test.cpp.1.o -> build-asan/.conf_check_79f849e1774b3cde8897857e178c7c8c/testbuild/testprog

['/usr/bin/g++', '-fsanitize=address', '-fsanitize=address', 'test.cpp.1.o', '-o', '/root/hpcc_rdma/build-asan/.conf_check_79f849e1774b3cde8897857e178c7c8c/testbuild/testprog', '-Wl,-Bstatic', '-Wl,-Bdynamic']
yes
------------------------------------------------------------------------------------------------
Checking for program sudo
not found
find program=['sudo'] paths=['/usr/local/sbin', '/usr/local/bin', '/usr/sbin', '/usr/bin', '/sbin', '/bin'] var='SUDO' -> ''
from /root/hpcc_rdma: Could not find the program sudo
------------------------------------------------------------------------------------------------
Checking for program valgrind
/usr/bin/valgrind
find program=['valgrind'] paths=['/usr/local/sbin', '/usr/local/bin', '/usr/sbin', '/usr/bin', '/sbin', '/bin'] var='VALGRIND' -> '/usr/bin/valgrind'
------------------------------------------------------------------------------------------------
Checking for program pkg-config
not found
find program=['pkg-config'] paths=['/usr/local/sbin', '/usr/local/bin', '/usr/sbin', '/usr/bin', '/sbin', '/bin'] var='PKGCONFIG' -> ''
from /root/hpcc_rdma: Could not find the program pkg-config
------------------------------------------------------------------------------------------------
Checking for compilation flag -Wno-error=deprecated-d... support
==>
#include <stdio.h>
int main() { return 0; }

<==
[1/2] c: build-asan/.conf_check_d8a2c40aecfb7c8eac7dd03fcbfb1110/test.c -> build-asan/.conf_check_d8a2c40aecfb7c8eac7dd03fcbfb1110/testbuild/test.c.1.o

['/usr/bin/gcc', '-g', '-O1', '-fsanitize=address', '-fno-omit-frame-pointer', '-Wno-error=deprecated-declarations', '-DNS3_ASSERT_ENABLE', '-DNS3_LOG_ENABLE', '-DHAVE_PACKET_H=1', '-DHAVE_IF_TUN_H=1', '../test.c', '-c', '-o', 'test.c.1.o']
[2/2] cprogram: build-asan/.conf_check_d8a2c40aecfb7c8eac7dd03fcbfb1110/testbuild/test.c.1.o -> build-asan/.conf_check_d8a2c40aecfb7c8eac7dd03fcbfb1110/testbuild/testprog

['/usr/bin/gcc', '-fsanitize=address', '-fsanitize=address', 'test.c.1.o', '-o', '/root/hpcc_rdma/build-asan/.conf_check_d8a2c40aecfb7c8eac7dd03fcbfb1110/testbuild/testprog', '-Wl,-Bstatic', '-Wl,-Bdynamic']
ok
------------------------------------------------------------------------------------------------
Checking for compilation flag -fstrict-aliasing... support
==>
#include <stdio.h>
int main() { return 0; }

<==
[1/2] c: build-asan/.conf_check_d8a2c40aecfb7c8eac7dd03fcbfb1110/test.c -> build-asan/.conf_check_d8a2c40aecfb7c8eac7dd03fcbfb1110/testbuild/test.c.1.o

['/usr/bin/gcc', '-g', '-O1', '-fsanitize=address', '-fno-omit-frame-pointer', '-fstrict-aliasing', '-DNS3_ASSERT_ENABLE', '-DNS3_LOG_ENABLE', '-DHAVE_PACKET_H=1', '-DHAVE_IF_TUN_H=1', '../test.c', '-c', '-o', 'test.c.1.o']
[2/2] cprogram: build-asan/.conf_check_d8a2c40aecfb7c8eac7dd03fcbfb1110/testbuild/test.c.1.o -> build-asan/.conf_check_d8a2c40aecfb7c8eac7dd03fcbfb1110/testbuild/testprog

['/usr/bin/gcc', '-fsanitize=address', '-fsanitize=address', 'test.c.1.o', '-o', '/root/hpcc_rdma/build-asan/.conf_check_d8a2c40aecfb7c8eac7dd03fcbfb1110/testbuild/testprog', '-Wl,-Bstatic', '-Wl,-Bdynamic']
ok
------------------------------------------------------------------------------------------------
Checking for compilation flag -Wstrict-aliasing... support
==>
#include <stdio.h>
int main() { return 0; }

<==
[1/2] c: build-asan/.conf_check_d8a2c40aecfb7c8eac7dd03fcbfb1110/test.c -> build-asan/.conf_check_d8a2c40aecfb7c8eac7dd03fcbfb1110/testbuild/test.c.1.o

['/usr/bin/gcc', '-g', '-O1', '-fsanitize=address', '-fno-omit-frame-pointer', '-Wstrict-aliasing', '-DNS3_ASSERT_ENABLE', '-DNS3_LOG_ENABLE', '-DHAVE_PACKET_H=1', '-DHAVE_IF_TUN_H=1', '../test.c', '-c', '-o', 'test.c.1.o']
[2/2] cprogram: build-asan/.conf_check_d8a2c40aecfb7c8eac7dd03fcbfb1110/testbuild/test.c.1.o -> build-asan/.conf_check_d8a2c40aecfb7c8eac7dd03fcbfb1110/testbuild/testprog

['/usr/bin/gcc', '-fsanitize=address', '-fsanitize=address', 'test.c.1.o', '-o', '/root/hpcc_rdma/build-asan/.conf_check_d8a2c40aecfb7c8eac7dd03fcbfb1110/testbuild/testprog', '-Wl,-Bstatic', '-Wl,-Bdynamic']
ok
------------------------------------------------------------------------------------------------
Checking for program doxygen
not found
find program=['doxygen'] paths=['/usr/local/sbin', '/usr/local/bin', '/usr/sbin', '/usr/bin', '/sbin', '/bin'] var='DOXYGEN' -> ''
from /root/hpcc_rdma: Could not find the program doxygen
